As part of this release we had [1 commit](https://github.com/TestUser/FakeRepository/commits/1.2.3).


### Where to get it
You can download this release from [chocolatey](https://chocolatey.org/packages/ChocolateyGUI/1.2.3)