As part of this release we had [1 issue](https://github.com/FakeRepository/issues/issues?milestone=0&state=closed) closed.


__Bug__

- [__#1__](http://example.com/1) Issue 1

### Where to get it
You can download this release from [chocolatey](https://chocolatey.org/packages/ChocolateyGUI/1.2.3)